// Jest Snapshot v1, https://goo.gl/fbAQLP

exports[`KinesisLoadTestingWithLocustStack Snapshot test 1`] = `
{
  "Conditions": {
    "AwsCdkKinesisEncryptedStreamsUnsupportedRegions": {
      "Fn::Or": [
        {
          "Fn::Equals": [
            {
              "Ref": "AWS::Region",
            },
            "cn-north-1",
          ],
        },
        {
          "Fn::Equals": [
            {
              "Ref": "AWS::Region",
            },
            "cn-northwest-1",
          ],
        },
      ],
    },
  },
  "Outputs": {
    "locustdashboardurl": {
      "Value": {
        "Fn::Join": [
          "",
          [
            "http://",
            {
              "Fn::GetAtt": [
                "kinesisloadtestingwithlocustinstance56EDDEC9",
                "PublicIp",
              ],
            },
            ":8089",
          ],
        ],
      },
    },
  },
  "Parameters": {
    "BootstrapVersion": {
      "Default": "/cdk-bootstrap/hnb659fds/version",
      "Description": "Version of the CDK Bootstrap resources in this environment, automatically retrieved from SSM Parameter Store. [cdk:skip]",
      "Type": "AWS::SSM::Parameter::Value<String>",
    },
    "SsmParameterValueawsserviceamiamazonlinuxlatestamzn2amikernel510hvmarm64gp2C96584B6F00A464EAD1953AFF4B05118Parameter": {
      "Default": "/aws/service/ami-amazon-linux-latest/amzn2-ami-kernel-5.10-hvm-arm64-gp2",
      "Type": "AWS::SSM::Parameter::Value<AWS::EC2::Image::Id>",
    },
  },
  "Resources": {
    "DemoStream7DBE9115": {
      "DeletionPolicy": "Delete",
      "Properties": {
        "Name": "DemoStream",
        "RetentionPeriodHours": 24,
        "StreamEncryption": {
          "Fn::If": [
            "AwsCdkKinesisEncryptedStreamsUnsupportedRegions",
            {
              "Ref": "AWS::NoValue",
            },
            {
              "EncryptionType": "KMS",
              "KeyId": "alias/aws/kinesis",
            },
          ],
        },
        "StreamModeDetails": {
          "StreamMode": "ON_DEMAND",
        },
      },
      "Type": "AWS::Kinesis::Stream",
      "UpdateReplacePolicy": "Delete",
    },
    "LoadtestingVPC470E256F": {
      "Properties": {
        "CidrBlock": "10.0.0.0/16",
        "EnableDnsHostnames": true,
        "EnableDnsSupport": true,
        "InstanceTenancy": "default",
        "Tags": [
          {
            "Key": "Name",
            "Value": "KinesisLoadTestingWithLocustStack/Load testing VPC",
          },
        ],
      },
      "Type": "AWS::EC2::VPC",
    },
    "LoadtestingVPCIGW333C72B1": {
      "Properties": {
        "Tags": [
          {
            "Key": "Name",
            "Value": "KinesisLoadTestingWithLocustStack/Load testing VPC",
          },
        ],
      },
      "Type": "AWS::EC2::InternetGateway",
    },
    "LoadtestingVPCPublicSubnetSubnet1DefaultRoute60072BA0": {
      "DependsOn": [
        "LoadtestingVPCVPCGWE9D04917",
      ],
      "Properties": {
        "DestinationCidrBlock": "0.0.0.0/0",
        "GatewayId": {
          "Ref": "LoadtestingVPCIGW333C72B1",
        },
        "RouteTableId": {
          "Ref": "LoadtestingVPCPublicSubnetSubnet1RouteTable5C7991F4",
        },
      },
      "Type": "AWS::EC2::Route",
    },
    "LoadtestingVPCPublicSubnetSubnet1RouteTable5C7991F4": {
      "Properties": {
        "Tags": [
          {
            "Key": "Name",
            "Value": "KinesisLoadTestingWithLocustStack/Load testing VPC/PublicSubnetSubnet1",
          },
        ],
        "VpcId": {
          "Ref": "LoadtestingVPC470E256F",
        },
      },
      "Type": "AWS::EC2::RouteTable",
    },
    "LoadtestingVPCPublicSubnetSubnet1RouteTableAssociation828D98D2": {
      "Properties": {
        "RouteTableId": {
          "Ref": "LoadtestingVPCPublicSubnetSubnet1RouteTable5C7991F4",
        },
        "SubnetId": {
          "Ref": "LoadtestingVPCPublicSubnetSubnet1SubnetE102A8F4",
        },
      },
      "Type": "AWS::EC2::SubnetRouteTableAssociation",
    },
    "LoadtestingVPCPublicSubnetSubnet1SubnetE102A8F4": {
      "Properties": {
        "AvailabilityZone": {
          "Fn::Select": [
            0,
            {
              "Fn::GetAZs": "",
            },
          ],
        },
        "CidrBlock": "10.0.0.0/16",
        "MapPublicIpOnLaunch": true,
        "Tags": [
          {
            "Key": "aws-cdk:subnet-name",
            "Value": "PublicSubnet",
          },
          {
            "Key": "aws-cdk:subnet-type",
            "Value": "Public",
          },
          {
            "Key": "Name",
            "Value": "KinesisLoadTestingWithLocustStack/Load testing VPC/PublicSubnetSubnet1",
          },
        ],
        "VpcId": {
          "Ref": "LoadtestingVPC470E256F",
        },
      },
      "Type": "AWS::EC2::Subnet",
    },
    "LoadtestingVPCVPCGWE9D04917": {
      "Properties": {
        "InternetGatewayId": {
          "Ref": "LoadtestingVPCIGW333C72B1",
        },
        "VpcId": {
          "Ref": "LoadtestingVPC470E256F",
        },
      },
      "Type": "AWS::EC2::VPCGatewayAttachment",
    },
    "kinesisloadtestingwithlocustinstance56EDDEC9": {
      "CreationPolicy": {
        "ResourceSignal": {
          "Count": 1,
          "Timeout": "PT5M",
        },
      },
      "DependsOn": [
        "kinesislocustloadtestec2roleDefaultPolicyC60D7B98",
        "kinesislocustloadtestec2role2E226CA6",
      ],
      "Metadata": {
        "AWS::CloudFormation::Init": {
          "config": {
            "commands": {
              "000": {
                "command": "unzip load-test-assets.zip",
                "cwd": "/usr/local/load-test",
              },
              "001": {
                "command": "pip3 install --upgrade pip",
              },
              "002": {
                "command": "pip3 install -r requirements.txt",
                "cwd": "/usr/local/load-test",
              },
              "003": {
                "command": "PATH=/usr/local/bin:$PATH",
              },
            },
            "packages": {
              "yum": {
                "gcc": [],
                "python3-devel": [],
              },
            },
            "services": {
              "sysvinit": {
                "locust": {
                  "enabled": true,
                  "ensureRunning": true,
                },
              },
            },
          },
          "configSets": {
            "default": [
              "config",
            ],
          },
        },
      },
      "Properties": {
        "AvailabilityZone": {
          "Fn::Select": [
            0,
            {
              "Fn::GetAZs": "",
            },
          ],
        },
        "IamInstanceProfile": {
          "Ref": "kinesisloadtestingwithlocustinstanceInstanceProfileE095B9C3",
        },
        "ImageId": {
          "Ref": "SsmParameterValueawsserviceamiamazonlinuxlatestamzn2amikernel510hvmarm64gp2C96584B6F00A464EAD1953AFF4B05118Parameter",
        },
        "InstanceType": "c7g.xlarge",
        "SecurityGroupIds": [
          {
            "Fn::GetAtt": [
              "kinesisloadtestingwithlocustsg0D3CD02E",
              "GroupId",
            ],
          },
        ],
        "SubnetId": {
          "Ref": "LoadtestingVPCPublicSubnetSubnet1SubnetE102A8F4",
        },
        "Tags": [
          {
            "Key": "Name",
            "Value": "kinesis-load-testing-with-locust-instance",
          },
        ],
        "UserData": {
          "Fn::Base64": {
            "Fn::Join": [
              "",
              [
                "#!/bin/bash
mkdir -p $(dirname '/usr/local/load-test/load-test-assets.zip')
aws s3 cp 's3://",
                {
                  "Fn::Sub": "cdk-hnb659fds-assets-\${AWS::AccountId}-eu-central-1",
                },
                "/2e1665d2bf9c57a5724ff1c911821aebe5cc0615554ac5fa46fda01a05e828b8.zip' '/usr/local/load-test/load-test-assets.zip'
mkdir -p $(dirname '/etc/systemd/system/locust.service')
aws s3 cp 's3://",
                {
                  "Fn::Sub": "cdk-hnb659fds-assets-\${AWS::AccountId}-eu-central-1",
                },
                "/d5775109e5610c2612d93bbc93448f09f5c2046c3185bb679e810726c4cb98c9.service' '/etc/systemd/system/locust.service'
# fingerprint: 0c86fbeaae204c31
(
  set +e
  /opt/aws/bin/cfn-init -v --region ",
                {
                  "Ref": "AWS::Region",
                },
                " --stack ",
                {
                  "Ref": "AWS::StackName",
                },
                " --resource kinesisloadtestingwithlocustinstance56EDDEC9 -c default
  /opt/aws/bin/cfn-signal -e $? --region ",
                {
                  "Ref": "AWS::Region",
                },
                " --stack ",
                {
                  "Ref": "AWS::StackName",
                },
                " --resource kinesisloadtestingwithlocustinstance56EDDEC9
  cat /var/log/cfn-init.log >&2
)",
              ],
            ],
          },
        },
      },
      "Type": "AWS::EC2::Instance",
    },
    "kinesisloadtestingwithlocustinstanceInstanceProfileE095B9C3": {
      "Properties": {
        "Roles": [
          {
            "Ref": "kinesislocustloadtestec2role2E226CA6",
          },
        ],
      },
      "Type": "AWS::IAM::InstanceProfile",
    },
    "kinesisloadtestingwithlocustsg0D3CD02E": {
      "Properties": {
        "GroupDescription": "KinesisLoadTestingWithLocustStack/kinesis-load-testing-with-locust-sg",
        "GroupName": "kinesis-load-testing-with-locust-sg",
        "SecurityGroupEgress": [
          {
            "CidrIp": "0.0.0.0/0",
            "Description": "Allow all outbound traffic by default",
            "IpProtocol": "-1",
          },
        ],
        "SecurityGroupIngress": [
          {
            "CidrIp": "0.0.0.0/0",
            "Description": "Allows Locust Dashboard access from Internet",
            "FromPort": 8089,
            "IpProtocol": "tcp",
            "ToPort": 8089,
          },
        ],
        "VpcId": {
          "Ref": "LoadtestingVPC470E256F",
        },
      },
      "Type": "AWS::EC2::SecurityGroup",
    },
    "kinesislocustloadtestec2role2E226CA6": {
      "Properties": {
        "AssumeRolePolicyDocument": {
          "Statement": [
            {
              "Action": "sts:AssumeRole",
              "Effect": "Allow",
              "Principal": {
                "Service": "ec2.amazonaws.com",
              },
            },
          ],
          "Version": "2012-10-17",
        },
        "ManagedPolicyArns": [
          {
            "Fn::Join": [
              "",
              [
                "arn:",
                {
                  "Ref": "AWS::Partition",
                },
                ":iam::aws:policy/AmazonSSMManagedInstanceCore",
              ],
            ],
          },
          {
            "Fn::Join": [
              "",
              [
                "arn:",
                {
                  "Ref": "AWS::Partition",
                },
                ":iam::aws:policy/AmazonKinesisFullAccess",
              ],
            ],
          },
        ],
      },
      "Type": "AWS::IAM::Role",
    },
    "kinesislocustloadtestec2roleDefaultPolicyC60D7B98": {
      "Properties": {
        "PolicyDocument": {
          "Statement": [
            {
              "Action": [
                "s3:GetObject*",
                "s3:GetBucket*",
                "s3:List*",
              ],
              "Effect": "Allow",
              "Resource": [
                {
                  "Fn::Join": [
                    "",
                    [
                      "arn:",
                      {
                        "Ref": "AWS::Partition",
                      },
                      ":s3:::",
                      {
                        "Fn::Sub": "cdk-hnb659fds-assets-\${AWS::AccountId}-eu-central-1",
                      },
                    ],
                  ],
                },
                {
                  "Fn::Join": [
                    "",
                    [
                      "arn:",
                      {
                        "Ref": "AWS::Partition",
                      },
                      ":s3:::",
                      {
                        "Fn::Sub": "cdk-hnb659fds-assets-\${AWS::AccountId}-eu-central-1",
                      },
                      "/*",
                    ],
                  ],
                },
              ],
            },
            {
              "Action": [
                "cloudformation:DescribeStackResource",
                "cloudformation:SignalResource",
              ],
              "Effect": "Allow",
              "Resource": {
                "Ref": "AWS::StackId",
              },
            },
          ],
          "Version": "2012-10-17",
        },
        "PolicyName": "kinesislocustloadtestec2roleDefaultPolicyC60D7B98",
        "Roles": [
          {
            "Ref": "kinesislocustloadtestec2role2E226CA6",
          },
        ],
      },
      "Type": "AWS::IAM::Policy",
    },
  },
  "Rules": {
    "CheckBootstrapVersion": {
      "Assertions": [
        {
          "Assert": {
            "Fn::Not": [
              {
                "Fn::Contains": [
                  [
                    "1",
                    "2",
                    "3",
                    "4",
                    "5",
                  ],
                  {
                    "Ref": "BootstrapVersion",
                  },
                ],
              },
            ],
          },
          "AssertDescription": "CDK bootstrap stack version 6 required. Please run 'cdk bootstrap' with a recent version of the CDK CLI.",
        },
      ],
    },
  },
}
`;
